ID          NAME  
1674040168  asdf  
1674060237  oite  
